[kendell-landscaping.com/index.html]
[backblue.gif]
[fade.gif]
[index.html]
[images.squarespace-cdn.com/content/613879197759b87d946180bc/9faa69c8-837c-46ab-b45c-1e7981da3dd0/logokendell2acd.png]
[use.typekit.net/ik/nwLasXabtioG-o2dgui4c4tVFTRlcok1yR5auVA1WCGfeGCIfFHN4UJLFRbh52jhWDjUwD6a5QIoFDSu5AJtFhboF2jU52gKjU7KMkG0jAFu-WsoShFGZAsude80ZkoRdhXCHKoyjamTiY8Djhy8ZYmC-Ao1Oco8if37OcBDOcu8OfG0-hm0ZemCdeUydcs]
[assets.squarespace.com/@sqs/polyfiller/1.6/legacy.js]
[assets.squarespace.com/universal/scripts-compressed/extract-css-runtime-63b0e27d9bfcb49b0f05f-min.en-US.js]
[assets.squarespace.com/@sqs/polyfiller/1.6/modern.js]
[assets.squarespace.com/universal/scripts-compressed/cldr-resource-pack-c6a38111aec507149cb3d-min.en-US.js]
[assets.squarespace.com/universal/scripts-compressed/common-vendors-stable-fd2acc815706e38fcfdf0-min.en-US.js]
[assets.squarespace.com/universal/scripts-compressed/extract-css-moment-js-vendor-5082e2dab696b020ac83a-min.en-US.js]
[assets.squarespace.com/universal/scripts-compressed/performance-2b31864e00dd18f9fadd4-min.en-US.js]
[static1.squarespace.com/static/versioned-site-css/613879197759b87d946180bc/22/5c5a519771c10ba3470d8101/6138791a7759b87d946180d6/1341/site.css]
[kendell-landscaping.com/cart.html]
[images.squarespace-cdn.com/content/v1/613879197759b87d946180bc/9faa69c8-837c-46ab-b45c-1e7981da3dd0/logokendell26f7.png]
[assets.squarespace.com/universal/scripts-compressed/common-vendors-1e40c2d559aaea1e42779-min.en-US.js]
[kendell-landscaping.com/services.html]
[kendell-landscaping.com/about.html]
[kendell-landscaping.com/contact.html]
[kendell-landscaping.com/index.html]
[static1.squarespace.com/static/vta/5c5a519771c10ba3470d8101/scripts/site-bundle.99163b73755b8f7c4a34d12baf96779c.js]
[assets.squarespace.com/universal/scripts-compressed/common-eafaea618b76bf9d37e6b-min.en-US.js]
[assets.squarespace.com/universal/images-v6/damask/error-dark.png]
[assets.squarespace.com/universal/images-v6/damask/error-dark@2x.png]
[assets.squarespace.com/universal/images-v6/damask/play-button.png]
[assets.squarespace.com/universal/images-v6/damask/play-button@2x.png]
[assets.squarespace.com/universal/images-v6/damask/edit-aviary-light.png]
[assets.squarespace.com/universal/images-v6/damask/edit-aviary-light@2x.png]
[assets.squarespace.com/universal/images-v6/damask/edit-info-light.png]
[assets.squarespace.com/universal/images-v6/damask/edit-info-light@2x.png]
[assets.squarespace.com/universal/images-v6/damask/trash-9-light.png]
[assets.squarespace.com/universal/images-v6/damask/trash-9-light@2x.png]
[assets.squarespace.com/universal/images-v6/damask/trash-9-red.png]
[assets.squarespace.com/universal/images-v6/damask/trash-9-red@2x.png]
[assets.squarespace.com/universal/images-v6/damask/getty-16-light.png]
[assets.squarespace.com/universal/images-v6/damask/getty-32-light.png]
[assets.squarespace.com/universal/images-v6/damask/shopping-cart-16-light.png]
[assets.squarespace.com/universal/images-v6/damask/shopping-cart-32-light.png]
[static1.squarespace.com/universal/images-v6/icons/block-indicator-dark.png]
[static1.squarespace.com/universal/images-v6/icons/block-indicator-dark@2x.png]
[assets.squarespace.com/universal/images-v6/icons/opentable-icons.png]
[static1.squarespace.com/universal/images-v6/icons/icon-searchqueries-20-dark.png]
[static1.squarespace.com/universal/images-v6/icons/icon-searchqueries-20-light.png]
[assets.squarespace.com/universal/images-v6/icons/icon-video-24-light-solid.png]
[assets.squarespace.com/universal/images-v6/standard/icon_close_7_light.png]
[assets.squarespace.com/universal/images-v6/icons/icon-settings-16-light.png]
[static1.squarespace.com/static/versioned-site-css/613879197759b87d946180bc/22/5c5a519771c10ba3470d8101/6138791a7759b87d946180d6/1341/site.css]
[kendell-landscaping.com/cart.html]
[kendell-landscaping.com/services.html]
[images.squarespace-cdn.com/content/v1/613879197759b87d946180bc/1631232761631-49H6A41G09991FJ0EA0L/Lawn-Care29f1.png]
[kendell-landscaping.com/about.html]
[kendell-landscaping.com/contact-us.html]
[kendell-landscaping.com/contact.html]
